""
"Hello, café 🌍"
"quote \" slash / backslash \\"
"a\u0000b"
"\u0000"
"\u0001"
"\u0008"
"\u0009"
"\u000a"
"\u000c"
"\u000d"
"\u001f"
" "
"\""
"/"
"\\"
""
""
""
"߿"
"ࠀ"
" "
" "
"퟿"
""
"￿"
"𐀀"
"🌍"
"􏿿"
"񜤔"
"𚷇"
"􄼞"
"񵏷"
"񯻘"
"򞔓"
"𘯉"
"𥄻"
"񆜜"
"񹴣"
"󯄶"
"觽"
"𧶁"
"⡌"
"󞍺"
"򉨡"
"򉔘"
"򊷶"
"򬇉"
"򝵦"
"񚡐"
"􄒁"
"󽜡"
"񩚀"
"\u0000\u0001\u0008\u0009\u000a\u000c\u000d\u001f \"/\\߿ࠀ  ퟿￿𐀀🌍􏿿񜤔𚷇􄼞񵏷񯻘򞔓𘯉𥄻񆜜񹴣󯄶觽𧶁⡌󞍺򉨡򉔘򊷶򬇉򝵦񚡐􄒁󽜡񩚀"
